// Jest Snapshot v1, https://goo.gl/fbAQLP

exports[`Messages component this card should render 1`] = `
<div
  className="Card"
>
  <button
    type="button"
  >
    delete
  </button>
  <h3>
    anything
  </h3>
  <p>
    justastring
  </p>
</div>
`;
